<<<<<<< HEAD
4.130400121212005615e-01 5.869600176811218262e-01
1.428599953651428223e-01 8.571400046348571777e-01
6.666700243949890137e-01 3.333300054073333740e-01
3.333300054073333740e-01 6.666700243949890137e-01
4.736799895763397217e-01 5.263199806213378906e-01
5.087699890136718750e-01 4.912300109863281250e-01
3.750000000000000000e-01 6.250000000000000000e-01
4.428600072860717773e-01 5.571399927139282227e-01
6.000000238418579102e-01 4.000000059604644775e-01
4.285700023174285889e-01 5.714300274848937988e-01
4.000000059604644775e-01 6.000000238418579102e-01
8.000000119209289551e-01 2.000000029802322388e-01
6.842100024223327637e-01 3.157899975776672363e-01
6.521700024604797363e-01 3.478299975395202637e-01
6.666700243949890137e-01 3.333300054073333740e-01
0.000000000000000000e+00 0.000000000000000000e+00
1.000000000000000000e+00 0.000000000000000000e+00
1.000000000000000000e+00 0.000000000000000000e+00
7.500000000000000000e-01 2.500000000000000000e-01
1.000000000000000000e+00 0.000000000000000000e+00
0.000000000000000000e+00 0.000000000000000000e+00
0.000000000000000000e+00 1.000000000000000000e+00
5.000000000000000000e-01 5.000000000000000000e-01
0.000000000000000000e+00 0.000000000000000000e+00
0.000000000000000000e+00 0.000000000000000000e+00
1.000000000000000000e+00 0.000000000000000000e+00
3.333300054073333740e-01 6.666700243949890137e-01
1.000000000000000000e+00 0.000000000000000000e+00
6.470599770545959473e-01 3.529399931430816650e-01
0.000000000000000000e+00 0.000000000000000000e+00
0.000000000000000000e+00 1.000000000000000000e+00
0.000000000000000000e+00 0.000000000000000000e+00
=======
0.000000000000000000e+00
0.000000000000000000e+00
0.000000000000000000e+00
0.000000000000000000e+00
0.000000000000000000e+00
1.428599953651428223e-01
2.778000012040138245e-02
2.500000000000000000e-01
0.000000000000000000e+00
0.000000000000000000e+00
1.000000000000000000e+00
9.655200242996215820e-01
1.000000000000000000e+00
1.000000000000000000e+00
9.767400026321411133e-01
9.259300231933593750e-01
3.333300054073333740e-01
0.000000000000000000e+00
1.000000000000000000e+00
3.333300054073333740e-01
1.000000000000000000e+00
1.000000000000000000e+00
6.000000238418579102e-01
0.000000000000000000e+00
1.000000000000000000e+00
0.000000000000000000e+00
9.782599806785583496e-01
1.000000000000000000e+00
9.710100293159484863e-01
9.818199872970581055e-01
7.272700071334838867e-01
0.000000000000000000e+00
>>>>>>> f6d7a46f44ababd3068677837b3803d0d4218c6a
